            --------------------------------------------------------
                             AMBER SQM VERSION 19
 
                                     By
              Ross C. Walker, Michael F. Crowley, Scott Brozell,
                         Tim Giese, Andreas W. Goetz,
                        Tai-Sung Lee and David A. Case
 
            --------------------------------------------------------
 

--------------------------------------------------------------------------------
  QM CALCULATION INFO
--------------------------------------------------------------------------------

| QMMM: Citation for AMBER QMMM Run:
| QMMM: R.C. Walker, M.F. Crowley and D.A. Case, J. COMP. CHEM. 29:1019, 2008

QMMM: SINGLET STATE CALCULATION
QMMM: RHF CALCULATION, NO. OF DOUBLY OCCUPIED LEVELS = 13

| QMMM: *** Selected Hamiltonian *** 
| QMMM: AM1         

| QMMM: *** Parameter sets in use ***
| QMMM: Cl: M.J.S.DEWAR et al. THEOCHEM, 180, 1, (1988)
| QMMM: C : M.J.S.DEWAR et al. JACS, 107, 3902, (1985)
| QMMM: H : M.J.S.DEWAR et al. JACS, 107, 3902, (1985)

| QMMM: *** SCF convergence criteria ***
| QMMM: Energy change                :  0.1D-09 kcal/mol
| QMMM: Error matrix |FP-PF|         :  0.1D+00 au
| QMMM: Density matrix change        :  0.5D-06
| QMMM: Maximum number of SCF cycles :     1000

| QMMM: *** Diagonalization Routine Information ***
| QMMM: Pseudo diagonalizations are allowed.
| QMMM: Auto diagonalization routine selection is in use.
| QMMM:
| QMMM: Timing diagonalization routines:
| QMMM:                              norbs =       17
| QMMM:    diag iterations used for timing =       20
| QMMM:
| QMMM:              Internal diag routine = 0.000451 seconds
| QMMM:                 Dspev diag routine = 0.000566 seconds
| QMMM:                Dspevd diag routine = 0.000515 seconds
| QMMM:                Dspevx diag routine = 0.003065 seconds
| QMMM:                 Dsyev diag routine = 0.000567 seconds
| QMMM:                Dsyevd diag routine = 0.000544 seconds
| QMMM:                Dsyevr diag routine = 0.000698 seconds
| QMMM:
| QMMM:                Pseudo diag routine = 0.000046 seconds
| QMMM:
| QMMM: Using internal diagonalization routine (diag_routine=1).

  QMMM: QM Region Cartesian Coordinates (*=link atom) 
  QMMM: QM_NO.   MM_NO.  ATOM         X         Y         Z
  QMMM:     1        1      Cl       0.9570   -0.0880    0.0340
  QMMM:     2        2      C        2.7290   -0.0860   -0.0010
  QMMM:     3        3      Cl       3.3360   -1.4840   -0.9050
  QMMM:     4        4      Cl       3.3360    1.4220   -0.7060
  QMMM:     5        5      H        3.0930   -0.1560    1.0270

--------------------------------------------------------------------------------
  RESULTS
--------------------------------------------------------------------------------

  ... geometry converged !
 
 Final MO eigenvalues (eV):
 -38.8022  -37.6874  -37.6874  -28.5756  -17.3680  -17.3146  -17.3146  -12.9687
 -12.9687  -12.2517  -12.2516  -12.1459  -11.7710   -0.3033    0.6391    0.6391
   2.6924

 Heat of formation   =        -29.03450706 kcal/mol  (       -1.25903070 eV)

 Total SCF energy    =     -29137.74658741 kcal/mol  (    -1263.50750563 eV)
 Electronic energy   =     -62797.17376098 kcal/mol  (    -2723.08979493 eV)
 Core-core repulsion =      33659.42717357 kcal/mol  (     1459.58228930 eV)
 
    Atomic Charges for Step       1 :
  Atom    Element       Mulliken Charge
     1      Cl                -0.041
     2      C                 -0.036
     3      Cl                -0.041
     4      Cl                -0.041
     5      H                  0.158
 Total Mulliken Charge =      -0.000
 
                  X        Y        Z     TOTAL  
  QM DIPOLE     0.386   -0.074    1.087    1.155
 
 Final Structure

  QMMM: QM Region Cartesian Coordinates (*=link atom) 
  QMMM: QM_NO.   MM_NO.  ATOM         X         Y         Z
  QMMM:     1        1      Cl       0.9749   -0.0886    0.0346
  QMMM:     2        2      C        2.7220   -0.0845   -0.0207
  QMMM:     3        3      Cl       3.3300   -1.4703   -0.8955
  QMMM:     4        4      Cl       3.3296    1.4076   -0.6988
  QMMM:     5        5      H        3.0946   -0.1562    1.0294

           --------- Calculation Completed ----------

