                      :-) GROMACS - gmx mdrun, 2020.5 (-:

                            GROMACS is written by:
     Emile Apol      Rossen Apostolov      Paul Bauer     Herman J.C. Berendsen
    Par Bjelkmar      Christian Blau   Viacheslav Bolnykh     Kevin Boyd    
 Aldert van Buuren   Rudi van Drunen     Anton Feenstra       Alan Gray     
  Gerrit Groenhof     Anca Hamuraru    Vincent Hindriksen  M. Eric Irrgang  
  Aleksei Iupinov   Christoph Junghans     Joe Jordan     Dimitrios Karkoulis
    Peter Kasson        Jiri Kraus      Carsten Kutzner      Per Larsson    
  Justin A. Lemkul    Viveca Lindahl    Magnus Lundborg     Erik Marklund   
    Pascal Merz     Pieter Meulenhoff    Teemu Murtola       Szilard Pall   
    Sander Pronk      Roland Schulz      Michael Shirts    Alexey Shvetsov  
   Alfons Sijbers     Peter Tieleman      Jon Vincent      Teemu Virolainen 
 Christian Wennberg    Maarten Wolf      Artem Zhmurov   
                           and the project leaders:
        Mark Abraham, Berk Hess, Erik Lindahl, and David van der Spoel

Copyright (c) 1991-2000, University of Groningen, The Netherlands.
Copyright (c) 2001-2019, The GROMACS development team at
Uppsala University, Stockholm University and
the Royal Institute of Technology, Sweden.
check out http://www.gromacs.org for more information.

GROMACS is free software; you can redistribute it and/or modify it
under the terms of the GNU Lesser General Public License
as published by the Free Software Foundation; either version 2.1
of the License, or (at your option) any later version.

GROMACS:      gmx mdrun, version 2020.5
Executable:   /usr/local/gromacs/bin/gmx
Data prefix:  /usr/local/gromacs
Working dir:  /Users/starwingchen/Voelz_Lab/git/peptoidff_benchmark/solvent/GAFF1/chloroform_gaff1
Process ID:   13814
Command line:
  gmx mdrun -v -s ./work/nvt.tpr -o ./work/nvt.trr -x ./work/nvt.xtc -c ./work/nvt.gro -e ./work/nvt.edr -g ./work/nvt.log -cpo ./work/nvt.cpt

GROMACS version:    2020.5
Verified release checksum is 4d9aa1b4e69850bc4583c1983ce2e0e3a88250cafb8f30ab0290b4dd4413a41e
Precision:          single
Memory model:       64 bit
MPI library:        thread_mpi
OpenMP support:     disabled
GPU support:        disabled
SIMD instructions:  AVX2_256
FFT library:        fftw-3.3.8-sse2
RDTSCP usage:       enabled
TNG support:        enabled
Hwloc support:      disabled
Tracing support:    disabled
C compiler:         /Library/Developer/CommandLineTools/usr/bin/cc AppleClang 14.0.3.14030022
C compiler flags:   -mavx2 -mfma -Wno-unknown-pragmas -fno-stack-check -fno-stack-check -O3 -DNDEBUG
C++ compiler:       /Library/Developer/CommandLineTools/usr/bin/c++ AppleClang 14.0.3.14030022
C++ compiler flags: -mavx2 -mfma -Wno-unknown-pragmas -fno-stack-check -fno-stack-check -O3 -DNDEBUG


Running on 1 node with total 8 cores, 8 logical cores
Hardware detected:
  CPU info:
    Vendor: Intel
    Brand:  Intel(R) Core(TM) i5-1038NG7 CPU @ 2.00GHz
    Family: 6   Model: 126   Stepping: 5
    Features: aes apic avx avx2 avx512f avx512cd avx512bw avx512vl clfsh cmov cx8 cx16 f16c fma htt intel lahf mmx msr nonstop_tsc pcid pclmuldq pdcm pdpe1gb popcnt pse rdrnd rdtscp sha sse2 sse3 sse4.1 sse4.2 ssse3 tdt x2apic
    Number of AVX-512 FMA units: 1 (AVX2 is faster w/o 2 AVX-512 FMA units)
  Hardware topology: Only logical processor count


++++ PLEASE READ AND CITE THE FOLLOWING REFERENCE ++++
M. J. Abraham, T. Murtola, R. Schulz, S. Páll, J. C. Smith, B. Hess, E.
Lindahl
GROMACS: High performance molecular simulations through multi-level
parallelism from laptops to supercomputers
SoftwareX 1 (2015) pp. 19-25
-------- -------- --- Thank You --- -------- --------


++++ PLEASE READ AND CITE THE FOLLOWING REFERENCE ++++
S. Páll, M. J. Abraham, C. Kutzner, B. Hess, E. Lindahl
Tackling Exascale Software Challenges in Molecular Dynamics Simulations with
GROMACS
In S. Markidis & E. Laure (Eds.), Solving Software Challenges for Exascale 8759 (2015) pp. 3-27
-------- -------- --- Thank You --- -------- --------


++++ PLEASE READ AND CITE THE FOLLOWING REFERENCE ++++
S. Pronk, S. Páll, R. Schulz, P. Larsson, P. Bjelkmar, R. Apostolov, M. R.
Shirts, J. C. Smith, P. M. Kasson, D. van der Spoel, B. Hess, and E. Lindahl
GROMACS 4.5: a high-throughput and highly parallel open source molecular
simulation toolkit
Bioinformatics 29 (2013) pp. 845-54
-------- -------- --- Thank You --- -------- --------


++++ PLEASE READ AND CITE THE FOLLOWING REFERENCE ++++
B. Hess and C. Kutzner and D. van der Spoel and E. Lindahl
GROMACS 4: Algorithms for highly efficient, load-balanced, and scalable
molecular simulation
J. Chem. Theory Comput. 4 (2008) pp. 435-447
-------- -------- --- Thank You --- -------- --------


++++ PLEASE READ AND CITE THE FOLLOWING REFERENCE ++++
D. van der Spoel, E. Lindahl, B. Hess, G. Groenhof, A. E. Mark and H. J. C.
Berendsen
GROMACS: Fast, Flexible and Free
J. Comp. Chem. 26 (2005) pp. 1701-1719
-------- -------- --- Thank You --- -------- --------


++++ PLEASE READ AND CITE THE FOLLOWING REFERENCE ++++
E. Lindahl and B. Hess and D. van der Spoel
GROMACS 3.0: A package for molecular simulation and trajectory analysis
J. Mol. Mod. 7 (2001) pp. 306-317
-------- -------- --- Thank You --- -------- --------


++++ PLEASE READ AND CITE THE FOLLOWING REFERENCE ++++
H. J. C. Berendsen, D. van der Spoel and R. van Drunen
GROMACS: A message-passing parallel molecular dynamics implementation
Comp. Phys. Comm. 91 (1995) pp. 43-56
-------- -------- --- Thank You --- -------- --------


++++ PLEASE CITE THE DOI FOR THIS VERSION OF GROMACS ++++
https://doi.org/10.5281/zenodo.4420785
-------- -------- --- Thank You --- -------- --------

Input Parameters:
   integrator                     = md
   tinit                          = 0
   dt                             = 0.002
   nsteps                         = 100000
   init-step                      = 0
   simulation-part                = 1
   comm-mode                      = Linear
   nstcomm                        = 100
   bd-fric                        = 0
   ld-seed                        = 1878982383
   emtol                          = 10
   emstep                         = 0.01
   niter                          = 20
   fcstep                         = 0
   nstcgsteep                     = 1000
   nbfgscorr                      = 10
   rtpi                           = 0.05
   nstxout                        = 1000
   nstvout                        = 1000
   nstfout                        = 0
   nstlog                         = 1000
   nstcalcenergy                  = 100
   nstenergy                      = 1000
   nstxout-compressed             = 0
   compressed-x-precision         = 1000
   cutoff-scheme                  = Verlet
   nstlist                        = 10
   pbc                            = xyz
   periodic-molecules             = false
   verlet-buffer-tolerance        = 0.005
   rlist                          = 1.4
   coulombtype                    = PME
   coulomb-modifier               = Potential-shift
   rcoulomb-switch                = 0
   rcoulomb                       = 1.4
   epsilon-r                      = 1
   epsilon-rf                     = inf
   vdw-type                       = Cut-off
   vdw-modifier                   = Potential-shift
   rvdw-switch                    = 0
   rvdw                           = 1.4
   DispCorr                       = EnerPres
   table-extension                = 1
   fourierspacing                 = 0.16
   fourier-nx                     = 24
   fourier-ny                     = 24
   fourier-nz                     = 24
   pme-order                      = 4
   ewald-rtol                     = 1e-05
   ewald-rtol-lj                  = 0.001
   lj-pme-comb-rule               = Geometric
   ewald-geometry                 = 0
   epsilon-surface                = 0
   tcoupl                         = V-rescale
   nsttcouple                     = 10
   nh-chain-length                = 0
   print-nose-hoover-chain-variables = false
   pcoupl                         = Berendsen
   pcoupltype                     = Isotropic
   nstpcouple                     = 10
   tau-p                          = 2
   compressibility (3x3):
      compressibility[    0]={ 4.50000e-05,  0.00000e+00,  0.00000e+00}
      compressibility[    1]={ 0.00000e+00,  4.50000e-05,  0.00000e+00}
      compressibility[    2]={ 0.00000e+00,  0.00000e+00,  4.50000e-05}
   ref-p (3x3):
      ref-p[    0]={ 1.00000e+00,  0.00000e+00,  0.00000e+00}
      ref-p[    1]={ 0.00000e+00,  1.00000e+00,  0.00000e+00}
      ref-p[    2]={ 0.00000e+00,  0.00000e+00,  1.00000e+00}
   refcoord-scaling               = COM
   posres-com (3):
      posres-com[0]= 0.00000e+00
      posres-com[1]= 0.00000e+00
      posres-com[2]= 0.00000e+00
   posres-comB (3):
      posres-comB[0]= 0.00000e+00
      posres-comB[1]= 0.00000e+00
      posres-comB[2]= 0.00000e+00
   QMMM                           = false
   QMconstraints                  = 0
   QMMMscheme                     = 0
   MMChargeScaleFactor            = 1
qm-opts:
   ngQM                           = 0
   constraint-algorithm           = Lincs
   continuation                   = false
   Shake-SOR                      = false
   shake-tol                      = 0.0001
   lincs-order                    = 4
   lincs-iter                     = 1
   lincs-warnangle                = 30
   nwall                          = 0
   wall-type                      = 9-3
   wall-r-linpot                  = -1
   wall-atomtype[0]               = -1
   wall-atomtype[1]               = -1
   wall-density[0]                = 0
   wall-density[1]                = 0
   wall-ewald-zfac                = 3
   pull                           = false
   awh                            = false
   rotation                       = false
   interactiveMD                  = false
   disre                          = No
   disre-weighting                = Conservative
   disre-mixed                    = false
   dr-fc                          = 1000
   dr-tau                         = 0
   nstdisreout                    = 100
   orire-fc                       = 0
   orire-tau                      = 0
   nstorireout                    = 100
   free-energy                    = no
   cos-acceleration               = 0
   deform (3x3):
      deform[    0]={ 0.00000e+00,  0.00000e+00,  0.00000e+00}
      deform[    1]={ 0.00000e+00,  0.00000e+00,  0.00000e+00}
      deform[    2]={ 0.00000e+00,  0.00000e+00,  0.00000e+00}
   simulated-tempering            = false
   swapcoords                     = no
   userint1                       = 0
   userint2                       = 0
   userint3                       = 0
   userint4                       = 0
   userreal1                      = 0
   userreal2                      = 0
   userreal3                      = 0
   userreal4                      = 0
   applied-forces:
     electric-field:
       x:
         E0                       = 0
         omega                    = 0
         t0                       = 0
         sigma                    = 0
       y:
         E0                       = 0
         omega                    = 0
         t0                       = 0
         sigma                    = 0
       z:
         E0                       = 0
         omega                    = 0
         t0                       = 0
         sigma                    = 0
     density-guided-simulation:
       active                     = false
       group                      = protein
       similarity-measure         = inner-product
       atom-spreading-weight      = unity
       force-constant             = 1e+09
       gaussian-transform-spreading-width = 0.2
       gaussian-transform-spreading-range-in-multiples-of-width = 4
       reference-density-filename = reference.mrc
       nst                        = 1
       normalize-densities        = true
       adaptive-force-scaling     = false
       adaptive-force-scaling-time-constant = 4
grpopts:
   nrdf:        4477
   ref-t:      298.15
   tau-t:         0.1
annealing:          No
annealing-npoints:           0
   acc:	           0           0           0
   nfreeze:           N           N           N
   energygrp-flags[  0]: 0

Changing nstlist from 10 to 100, rlist from 1.4 to 1.4


Initializing Domain Decomposition on 8 ranks
Dynamic load balancing: auto
Minimum cell size due to atom displacement: 0.727 nm
Initial maximum distances in bonded interactions:
    two-body bonded interactions: 0.297 nm, Exclusion, atoms 1056 1059
  multi-body bonded interactions: 0.297 nm, Angle, atoms 1056 1059
Minimum cell size due to bonded interactions: 0.327 nm
Maximum distance for 5 constraints, at 120 deg. angles, all-trans: 0.109 nm
Estimated maximum distance required for P-LINCS: 0.109 nm
Scaling the initial minimum size with 1/0.8 (option -dds) = 1.25
Using 0 separate PME ranks, as there are too few total
 ranks for efficient splitting
Optimizing the DD grid for 8 cells with a minimum initial size of 0.909 nm
The maximum allowed number of cells is: X 3 Y 3 Z 3
Domain decomposition grid 2 x 2 x 2, separate PME ranks 0
PME domain decomposition: 2 x 4 x 1
Domain decomposition rank 0, coordinates 0 0 0

The initial number of communication pulses is: X 1 Y 1 Z 1
The initial domain decomposition cell size is: X 1.75 nm Y 1.75 nm Z 1.75 nm

The maximum allowed distance for atoms involved in interactions is:
                 non-bonded interactions           1.400 nm
(the following are initial values, they could change due to box deformation)
            two-body bonded interactions  (-rdd)   1.400 nm
          multi-body bonded interactions  (-rdd)   1.400 nm
  atoms separated by up to 5 constraints  (-rcon)  1.750 nm

When dynamic load balancing gets turned on, these settings will change to:
The maximum number of communication pulses is: X 1 Y 1 Z 1
The minimum size for domain decomposition cells is 1.400 nm
The requested allowed shrink of DD cells (option -dds) is: 0.80
The allowed shrink of domain decomposition cells is: X 0.80 Y 0.80 Z 0.80
The maximum allowed distance for atoms involved in interactions is:
                 non-bonded interactions           1.400 nm
            two-body bonded interactions  (-rdd)   1.400 nm
          multi-body bonded interactions  (-rdd)   1.400 nm
  atoms separated by up to 5 constraints  (-rcon)  1.400 nm

Using 8 MPI threads
System total charge: 0.000
Will do PME sum in reciprocal space for electrostatic interactions.

++++ PLEASE READ AND CITE THE FOLLOWING REFERENCE ++++
U. Essmann, L. Perera, M. L. Berkowitz, T. Darden, H. Lee and L. G. Pedersen 
A smooth particle mesh Ewald method
J. Chem. Phys. 103 (1995) pp. 8577-8592
-------- -------- --- Thank You --- -------- --------

Using a Gaussian width (1/beta) of 0.448228 nm for Ewald
Potential shift: LJ r^-12: -1.764e-02 r^-6: -1.328e-01, Ewald -7.143e-06
Initialized non-bonded Ewald tables, spacing: 1.10e-03 size: 1270


Using SIMD 4x8 nonbonded short-range kernels

Using a 4x8 pair-list setup:
  updated every 100 steps, buffer 0.000 nm, rlist 1.400 nm
At tolerance 0.005 kJ/mol/ps per atom, equivalent classical 1x1 list would be:
  updated every 100 steps, buffer 0.065 nm, rlist 1.465 nm

Using Lorentz-Berthelot Lennard-Jones combination rule

Long Range LJ corr.: <C6> 4.1334e-03

Removing pbc first time

Initializing Parallel LINear Constraint Solver

++++ PLEASE READ AND CITE THE FOLLOWING REFERENCE ++++
B. Hess
P-LINCS: A Parallel Linear Constraint Solver for molecular simulation
J. Chem. Theory Comput. 4 (2008) pp. 116-122
-------- -------- --- Thank You --- -------- --------

The number of constraints is 320
There are constraints between atoms in different decomposition domains,
will communicate selected coordinates each lincs iteration

Linking all bonded interactions to atoms

Intra-simulation communication will occur every 10 steps.

++++ PLEASE READ AND CITE THE FOLLOWING REFERENCE ++++
G. Bussi, D. Donadio and M. Parrinello
Canonical sampling through velocity rescaling
J. Chem. Phys. 126 (2007) pp. 014101
-------- -------- --- Thank You --- -------- --------

There are: 1600 Atoms
Atom distribution over 8 domains: av 200 stddev 5 min 190 max 207

Constraining the starting coordinates (step 0)

Constraining the coordinates at t0-dt (step 0)
Center of mass motion removal mode is Linear
We have the following groups for center of mass motion removal:
  0:  System
RMS relative constraint deviation after constraining: 3.06e-07
Initial temperature: 297.054 K

Started mdrun on rank 0 Fri Mar 14 07:47:10 2025

           Step           Time
              0        0.00000

   Energies (kJ/mol)
           Bond          Angle        LJ (SR)  Disper. corr.   Coulomb (SR)
    1.20159e+01    1.55054e+02   -9.67734e+03   -3.76309e+02   -9.48042e+02
   Coul. recip.      Potential    Kinetic En.   Total Energy  Conserved En.
    7.90858e+01   -1.07555e+04    5.53211e+03   -5.22343e+03   -5.21866e+03
    Temperature Pres. DC (bar) Pressure (bar)   Constr. rmsd
    2.97235e+02   -1.45914e+02   -1.48212e+03    6.11467e-07


DD  step 99 load imb.: force  9.1%

step 200 Turning on dynamic load balancing, because the performance loss due to load imbalance is 3.5 %.

DD  step 999  vol min/aver 0.902  load imb.: force  8.5%
           Step           Time
           1000        2.00000

   Energies (kJ/mol)
           Bond          Angle        LJ (SR)  Disper. corr.   Coulomb (SR)
    1.02369e+03    1.95316e+03   -7.55648e+03   -3.65056e+02   -6.29316e+02
   Coul. recip.      Potential    Kinetic En.   Total Energy  Conserved En.
    1.11494e+02   -5.46250e+03    5.53217e+03    6.96675e+01   -5.11979e+03
    Temperature Pres. DC (bar) Pressure (bar)   Constr. rmsd
    2.97238e+02   -1.37327e+02    2.73362e+01    5.90548e-07


DD  step 1999  vol min/aver 0.943  load imb.: force 13.6%
           Step           Time
           2000        4.00000

   Energies (kJ/mol)
           Bond          Angle        LJ (SR)  Disper. corr.   Coulomb (SR)
    1.05634e+03    2.10356e+03   -7.52964e+03   -3.60719e+02   -6.50736e+02
   Coul. recip.      Potential    Kinetic En.   Total Energy  Conserved En.
    1.06584e+02   -5.27462e+03    5.64940e+03    3.74783e+02   -5.11238e+03
    Temperature Pres. DC (bar) Pressure (bar)   Constr. rmsd
    3.03537e+02   -1.34087e+02   -4.07133e+02    6.46892e-07


DD  step 2999  vol min/aver 0.937  load imb.: force  3.7%
           Step           Time
           3000        6.00000

   Energies (kJ/mol)
           Bond          Angle        LJ (SR)  Disper. corr.   Coulomb (SR)
    1.03868e+03    2.05017e+03   -7.45765e+03   -3.59502e+02   -7.05872e+02
   Coul. recip.      Potential    Kinetic En.   Total Energy  Conserved En.
    1.01470e+02   -5.33270e+03    5.65209e+03    3.19387e+02   -5.11593e+03
    Temperature Pres. DC (bar) Pressure (bar)   Constr. rmsd
    3.03681e+02   -1.33185e+02   -2.90794e+02    6.43795e-07


DD  step 3999  vol min/aver 0.923  load imb.: force  3.9%
           Step           Time
           4000        8.00000

   Energies (kJ/mol)
           Bond          Angle        LJ (SR)  Disper. corr.   Coulomb (SR)
    1.07917e+03    2.12879e+03   -7.37780e+03   -3.58655e+02   -6.47890e+02
   Coul. recip.      Potential    Kinetic En.   Total Energy  Conserved En.
    1.08233e+02   -5.06815e+03    5.72056e+03    6.52410e+02   -5.11590e+03
    Temperature Pres. DC (bar) Pressure (bar)   Constr. rmsd
    3.07360e+02   -1.32559e+02    7.99310e+01    6.87134e-07


DD  step 4999  vol min/aver 0.958  load imb.: force  4.0%
           Step           Time
           5000       10.00000

   Energies (kJ/mol)
           Bond          Angle        LJ (SR)  Disper. corr.   Coulomb (SR)
    1.06577e+03    2.10377e+03   -7.37895e+03   -3.58258e+02   -6.28952e+02
   Coul. recip.      Potential    Kinetic En.   Total Energy  Conserved En.
    1.17632e+02   -5.07899e+03    5.35048e+03    2.71489e+02   -5.11708e+03
    Temperature Pres. DC (bar) Pressure (bar)   Constr. rmsd
    2.87476e+02   -1.32266e+02    1.52381e+02    6.47852e-07


DD  step 5999  vol min/aver 0.949  load imb.: force  6.1%
           Step           Time
           6000       12.00000

   Energies (kJ/mol)
           Bond          Angle        LJ (SR)  Disper. corr.   Coulomb (SR)
    1.08677e+03    2.21309e+03   -7.32679e+03   -3.57789e+02   -6.40266e+02
   Coul. recip.      Potential    Kinetic En.   Total Energy  Conserved En.
    1.28295e+02   -4.89669e+03    5.38131e+03    4.84625e+02   -5.10813e+03
    Temperature Pres. DC (bar) Pressure (bar)   Constr. rmsd
    2.89132e+02   -1.31921e+02   -1.77515e+02    6.48756e-07


DD  step 6999  vol min/aver 0.894  load imb.: force  3.2%
           Step           Time
           7000       14.00000

   Energies (kJ/mol)
           Bond          Angle        LJ (SR)  Disper. corr.   Coulomb (SR)
    1.07635e+03    2.12241e+03   -7.46122e+03   -3.57599e+02   -7.01478e+02
   Coul. recip.      Potential    Kinetic En.   Total Energy  Conserved En.
    1.08455e+02   -5.21309e+03    5.57058e+03    3.57496e+02   -5.11670e+03
    Temperature Pres. DC (bar) Pressure (bar)   Constr. rmsd
    2.99302e+02   -1.31781e+02   -2.86346e+02    7.18975e-07


DD  step 7999  vol min/aver 0.907  load imb.: force  2.9%
           Step           Time
           8000       16.00000

   Energies (kJ/mol)
           Bond          Angle        LJ (SR)  Disper. corr.   Coulomb (SR)
    1.07086e+03    2.19837e+03   -7.34450e+03   -3.58404e+02   -6.24263e+02
   Coul. recip.      Potential    Kinetic En.   Total Energy  Conserved En.
    1.12972e+02   -4.94497e+03    5.74647e+03    8.01500e+02   -5.11719e+03
    Temperature Pres. DC (bar) Pressure (bar)   Constr. rmsd
    3.08752e+02   -1.32374e+02    1.20760e+02    6.53090e-07


DD  step 8999  vol min/aver 0.902  load imb.: force 14.0%
           Step           Time
           9000       18.00000

   Energies (kJ/mol)
           Bond          Angle        LJ (SR)  Disper. corr.   Coulomb (SR)
    1.07337e+03    2.14683e+03   -7.40796e+03   -3.59663e+02   -6.54850e+02
   Coul. recip.      Potential    Kinetic En.   Total Energy  Conserved En.
    1.08049e+02   -5.09422e+03    5.54738e+03    4.53163e+02   -5.11876e+03
    Temperature Pres. DC (bar) Pressure (bar)   Constr. rmsd
    2.98055e+02   -1.33305e+02   -1.50735e+02    6.29818e-07


DD  step 9999  vol min/aver 0.943  load imb.: force  4.2%
           Step           Time
          10000       20.00000

   Energies (kJ/mol)
           Bond          Angle        LJ (SR)  Disper. corr.   Coulomb (SR)
    1.11438e+03    2.15059e+03   -7.48300e+03   -3.60072e+02   -6.22297e+02
   Coul. recip.      Potential    Kinetic En.   Total Energy  Conserved En.
    1.21178e+02   -5.07923e+03    5.46831e+03    3.89080e+02   -5.11450e+03
    Temperature Pres. DC (bar) Pressure (bar)   Constr. rmsd
    2.93807e+02   -1.33607e+02   -3.28247e+02    6.34658e-07


DD  step 10999  vol min/aver 0.868  load imb.: force  6.7%
           Step           Time
          11000       22.00000

   Energies (kJ/mol)
           Bond          Angle        LJ (SR)  Disper. corr.   Coulomb (SR)
    1.14248e+03    2.10409e+03   -7.51530e+03   -3.60527e+02   -6.31935e+02
   Coul. recip.      Potential    Kinetic En.   Total Energy  Conserved En.
    1.12680e+02   -5.14851e+03    5.55103e+03    4.02515e+02   -5.12390e+03
    Temperature Pres. DC (bar) Pressure (bar)   Constr. rmsd
    2.98251e+02   -1.33945e+02   -2.43545e+02    7.48096e-07


DD  step 11999  vol min/aver 0.919  load imb.: force 13.4%
           Step           Time
          12000       24.00000

   Energies (kJ/mol)
           Bond          Angle        LJ (SR)  Disper. corr.   Coulomb (SR)
    1.16546e+03    2.24454e+03   -7.45616e+03   -3.60540e+02   -6.62413e+02
   Coul. recip.      Potential    Kinetic En.   Total Energy  Conserved En.
    1.01012e+02   -4.96810e+03    5.50757e+03    5.39468e+02   -5.11216e+03
    Temperature Pres. DC (bar) Pressure (bar)   Constr. rmsd
    2.95916e+02   -1.33954e+02   -3.18423e+02    6.53706e-07


DD  step 12999  vol min/aver 0.907  load imb.: force  5.9%
           Step           Time
          13000       26.00000

   Energies (kJ/mol)
           Bond          Angle        LJ (SR)  Disper. corr.   Coulomb (SR)
    1.05912e+03    2.14401e+03   -7.46443e+03   -3.61042e+02   -6.17948e+02
   Coul. recip.      Potential    Kinetic En.   Total Energy  Conserved En.
    1.05649e+02   -5.13464e+03    5.43958e+03    3.04934e+02   -5.12022e+03
    Temperature Pres. DC (bar) Pressure (bar)   Constr. rmsd
    2.92263e+02   -1.34328e+02   -3.28833e+01    5.71981e-07


DD  step 13999  vol min/aver 0.946  load imb.: force  4.8%
           Step           Time
          14000       28.00000

   Energies (kJ/mol)
           Bond          Angle        LJ (SR)  Disper. corr.   Coulomb (SR)
    1.12948e+03    2.05852e+03   -7.41351e+03   -3.59745e+02   -6.34375e+02
   Coul. recip.      Potential    Kinetic En.   Total Energy  Conserved En.
    1.22014e+02   -5.09761e+03    5.52810e+03    4.30495e+02   -5.11986e+03
    Temperature Pres. DC (bar) Pressure (bar)   Constr. rmsd
    2.97019e+02   -1.33365e+02    4.49648e+01    6.73701e-07


DD  step 14999  vol min/aver 0.923  load imb.: force  5.5%
           Step           Time
          15000       30.00000

   Energies (kJ/mol)
           Bond          Angle        LJ (SR)  Disper. corr.   Coulomb (SR)
    1.01563e+03    2.03506e+03   -7.48056e+03   -3.59038e+02   -6.72629e+02
   Coul. recip.      Potential    Kinetic En.   Total Energy  Conserved En.
    1.00938e+02   -5.36060e+03    5.51690e+03    1.56291e+02   -5.12363e+03
    Temperature Pres. DC (bar) Pressure (bar)   Constr. rmsd
    2.96417e+02   -1.32842e+02    8.71241e+01    6.30593e-07


DD  step 15999  vol min/aver 0.937  load imb.: force  3.3%
           Step           Time
          16000       32.00000

   Energies (kJ/mol)
           Bond          Angle        LJ (SR)  Disper. corr.   Coulomb (SR)
    1.12608e+03    2.16167e+03   -7.36498e+03   -3.58868e+02   -6.70960e+02
   Coul. recip.      Potential    Kinetic En.   Total Energy  Conserved En.
    1.05410e+02   -5.00165e+03    5.53966e+03    5.38013e+02   -5.12888e+03
    Temperature Pres. DC (bar) Pressure (bar)   Constr. rmsd
    2.97640e+02   -1.32717e+02    2.07592e+02    6.86089e-07


DD  step 16999  vol min/aver 0.907  load imb.: force  3.2%
           Step           Time
          17000       34.00000

   Energies (kJ/mol)
           Bond          Angle        LJ (SR)  Disper. corr.   Coulomb (SR)
    1.11028e+03    2.11719e+03   -7.47118e+03   -3.60106e+02   -6.27523e+02
   Coul. recip.      Potential    Kinetic En.   Total Energy  Conserved En.
    1.12138e+02   -5.11921e+03    5.37204e+03    2.52833e+02   -5.12447e+03
    Temperature Pres. DC (bar) Pressure (bar)   Constr. rmsd
    2.88634e+02   -1.33632e+02   -2.99401e+02    6.53193e-07


DD  step 17999  vol min/aver 0.916  load imb.: force  1.8%
           Step           Time
          18000       36.00000

   Energies (kJ/mol)
           Bond          Angle        LJ (SR)  Disper. corr.   Coulomb (SR)
    1.09334e+03    2.03955e+03   -7.53629e+03   -3.60751e+02   -6.23487e+02
   Coul. recip.      Potential    Kinetic En.   Total Energy  Conserved En.
    1.17961e+02   -5.26968e+03    5.55519e+03    2.85511e+02   -5.12909e+03
    Temperature Pres. DC (bar) Pressure (bar)   Constr. rmsd
    2.98475e+02   -1.34112e+02   -2.04727e+02    6.26594e-07


DD  step 18999  vol min/aver 0.967  load imb.: force  2.9%
           Step           Time
          19000       38.00000

   Energies (kJ/mol)
           Bond          Angle        LJ (SR)  Disper. corr.   Coulomb (SR)
    1.12262e+03    2.02962e+03   -7.46986e+03   -3.61250e+02   -6.42459e+02
   Coul. recip.      Potential    Kinetic En.   Total Energy  Conserved En.
    1.12461e+02   -5.20886e+03    5.56411e+03    3.55248e+02   -5.12490e+03
    Temperature Pres. DC (bar) Pressure (bar)   Constr. rmsd
    2.98954e+02   -1.34482e+02   -4.62651e+02    6.62575e-07


DD  step 19999  vol min/aver 0.935  load imb.: force  3.3%
           Step           Time
          20000       40.00000

   Energies (kJ/mol)
           Bond          Angle        LJ (SR)  Disper. corr.   Coulomb (SR)
    1.07611e+03    2.16561e+03   -7.53673e+03   -3.61896e+02   -5.82957e+02
   Coul. recip.      Potential    Kinetic En.   Total Energy  Conserved En.
    1.39681e+02   -5.10018e+03    5.70217e+03    6.01993e+02   -5.12784e+03
    Temperature Pres. DC (bar) Pressure (bar)   Constr. rmsd
    3.06372e+02   -1.34963e+02    1.48966e+02    6.90742e-07


DD  step 20999  vol min/aver 0.931  load imb.: force  6.0%
           Step           Time
          21000       42.00000

   Energies (kJ/mol)
           Bond          Angle        LJ (SR)  Disper. corr.   Coulomb (SR)
    1.15983e+03    2.15720e+03   -7.40229e+03   -3.60858e+02   -6.23021e+02
   Coul. recip.      Potential    Kinetic En.   Total Energy  Conserved En.
    1.17215e+02   -4.95192e+03    5.47042e+03    5.18493e+02   -5.13016e+03
    Temperature Pres. DC (bar) Pressure (bar)   Constr. rmsd
    2.93920e+02   -1.34191e+02   -6.46423e+01    6.39162e-07


DD  step 21999  vol min/aver 0.922  load imb.: force  9.8%
           Step           Time
          22000       44.00000

   Energies (kJ/mol)
           Bond          Angle        LJ (SR)  Disper. corr.   Coulomb (SR)
    1.11003e+03    2.15506e+03   -7.45982e+03   -3.61050e+02   -6.12983e+02
   Coul. recip.      Potential    Kinetic En.   Total Energy  Conserved En.
    1.33304e+02   -5.03546e+03    5.50278e+03    4.67318e+02   -5.13286e+03
    Temperature Pres. DC (bar) Pressure (bar)   Constr. rmsd
    2.95659e+02   -1.34333e+02    1.09741e+02    6.05383e-07


DD  step 22999  vol min/aver 0.912  load imb.: force 10.3%
           Step           Time
          23000       46.00000

   Energies (kJ/mol)
           Bond          Angle        LJ (SR)  Disper. corr.   Coulomb (SR)
    1.03488e+03    2.12333e+03   -7.42994e+03   -3.61007e+02   -6.31145e+02
   Coul. recip.      Potential    Kinetic En.   Total Energy  Conserved En.
    1.11040e+02   -5.15284e+03    5.68334e+03    5.30503e+02   -5.13678e+03
    Temperature Pres. DC (bar) Pressure (bar)   Constr. rmsd
    3.05360e+02   -1.34302e+02    1.30309e+02    6.66475e-07


DD  step 23999  vol min/aver 0.921  load imb.: force  4.5%
           Step           Time
          24000       48.00000

   Energies (kJ/mol)
           Bond          Angle        LJ (SR)  Disper. corr.   Coulomb (SR)
    1.10356e+03    2.03506e+03   -7.46446e+03   -3.60540e+02   -6.62999e+02
   Coul. recip.      Potential    Kinetic En.   Total Energy  Conserved En.
    9.71346e+01   -5.25224e+03    5.47737e+03    2.25125e+02   -5.13609e+03
    Temperature Pres. DC (bar) Pressure (bar)   Constr. rmsd
    2.94293e+02   -1.33955e+02   -2.87552e+02    6.70587e-07


DD  step 24999  vol min/aver 0.963  load imb.: force  7.1%
           Step           Time
          25000       50.00000

   Energies (kJ/mol)
           Bond          Angle        LJ (SR)  Disper. corr.   Coulomb (SR)
    1.15370e+03    2.11695e+03   -7.37704e+03   -3.60738e+02   -6.56970e+02
   Coul. recip.      Potential    Kinetic En.   Total Energy  Conserved En.
    1.02438e+02   -5.02166e+03    5.54931e+03    5.27651e+02   -5.12885e+03
    Temperature Pres. DC (bar) Pressure (bar)   Constr. rmsd
    2.98159e+02   -1.34102e+02    2.65943e+02    6.62386e-07


DD  step 25999  vol min/aver 0.948  load imb.: force  7.7%
           Step           Time
          26000       52.00000

   Energies (kJ/mol)
           Bond          Angle        LJ (SR)  Disper. corr.   Coulomb (SR)
    1.17005e+03    2.23832e+03   -7.46344e+03   -3.59763e+02   -6.32145e+02
   Coul. recip.      Potential    Kinetic En.   Total Energy  Conserved En.
    1.16441e+02   -4.93053e+03    5.39145e+03    4.60917e+02   -5.12743e+03
    Temperature Pres. DC (bar) Pressure (bar)   Constr. rmsd
    2.89677e+02   -1.33379e+02   -3.04934e+01    7.25315e-07


DD  step 26999  vol min/aver 0.915  load imb.: force  5.4%
           Step           Time
          27000       54.00000

   Energies (kJ/mol)
           Bond          Angle        LJ (SR)  Disper. corr.   Coulomb (SR)
    1.10760e+03    2.12475e+03   -7.50171e+03   -3.59125e+02   -6.24209e+02
   Coul. recip.      Potential    Kinetic En.   Total Energy  Conserved En.
    1.16197e+02   -5.13649e+03    5.38020e+03    2.43706e+02   -5.12917e+03
    Temperature Pres. DC (bar) Pressure (bar)   Constr. rmsd
    2.89073e+02   -1.32906e+02   -2.78355e+02    6.49023e-07


DD  step 27999  vol min/aver 0.914  load imb.: force  6.6%
           Step           Time
          28000       56.00000

   Energies (kJ/mol)
           Bond          Angle        LJ (SR)  Disper. corr.   Coulomb (SR)
    1.16137e+03    1.99127e+03   -7.37743e+03   -3.58554e+02   -6.38430e+02
   Coul. recip.      Potential    Kinetic En.   Total Energy  Conserved En.
    1.10169e+02   -5.11160e+03    5.48900e+03    3.77405e+02   -5.13125e+03
    Temperature Pres. DC (bar) Pressure (bar)   Constr. rmsd
    2.94919e+02   -1.32484e+02    3.53421e+01    6.51497e-07


DD  step 28999  vol min/aver 0.952  load imb.: force  3.3%
           Step           Time
          29000       58.00000

   Energies (kJ/mol)
           Bond          Angle        LJ (SR)  Disper. corr.   Coulomb (SR)
    1.14596e+03    2.12592e+03   -7.27914e+03   -3.58127e+02   -6.47841e+02
   Coul. recip.      Potential    Kinetic En.   Total Energy  Conserved En.
    1.35792e+02   -4.87744e+03    5.56125e+03    6.83813e+02   -5.13200e+03
    Temperature Pres. DC (bar) Pressure (bar)   Constr. rmsd
    2.98800e+02   -1.32170e+02    5.69982e+02    6.40747e-07


DD  step 29999  vol min/aver 0.948  load imb.: force  4.0%
           Step           Time
          30000       60.00000

   Energies (kJ/mol)
           Bond          Angle        LJ (SR)  Disper. corr.   Coulomb (SR)
    1.19479e+03    1.94739e+03   -7.46022e+03   -3.57656e+02   -6.40556e+02
   Coul. recip.      Potential    Kinetic En.   Total Energy  Conserved En.
    9.56670e+01   -5.22059e+03    5.50559e+03    2.85007e+02   -5.13143e+03
    Temperature Pres. DC (bar) Pressure (bar)   Constr. rmsd
    2.95810e+02   -1.31823e+02   -2.54613e+01    6.77036e-07


DD  step 30999  vol min/aver 0.852  load imb.: force  5.2%
           Step           Time
          31000       62.00000

   Energies (kJ/mol)
           Bond          Angle        LJ (SR)  Disper. corr.   Coulomb (SR)
    1.19821e+03    2.12973e+03   -7.39634e+03   -3.59316e+02   -6.65555e+02
   Coul. recip.      Potential    Kinetic En.   Total Energy  Conserved En.
    1.12168e+02   -4.98110e+03    5.55696e+03    5.75862e+02   -5.12840e+03
    Temperature Pres. DC (bar) Pressure (bar)   Constr. rmsd
    2.98570e+02   -1.33048e+02   -3.03403e+01    6.56307e-07


DD  step 31999  vol min/aver 0.913  load imb.: force  2.7%
           Step           Time
          32000       64.00000

   Energies (kJ/mol)
           Bond          Angle        LJ (SR)  Disper. corr.   Coulomb (SR)
    1.17094e+03    2.11751e+03   -7.44558e+03   -3.60198e+02   -6.62900e+02
   Coul. recip.      Potential    Kinetic En.   Total Energy  Conserved En.
    1.16789e+02   -5.06344e+03    5.70658e+03    6.43140e+02   -5.13368e+03
    Temperature Pres. DC (bar) Pressure (bar)   Constr. rmsd
    3.06609e+02   -1.33701e+02   -9.44617e+01    6.47016e-07


DD  step 32999  vol min/aver 0.898  load imb.: force  2.6%
           Step           Time
          33000       66.00000

   Energies (kJ/mol)
           Bond          Angle        LJ (SR)  Disper. corr.   Coulomb (SR)
    1.18462e+03    2.16020e+03   -7.51601e+03   -3.60503e+02   -6.30691e+02
   Coul. recip.      Potential    Kinetic En.   Total Energy  Conserved En.
    1.02966e+02   -5.05942e+03    5.33685e+03    2.77428e+02   -5.13102e+03
    Temperature Pres. DC (bar) Pressure (bar)   Constr. rmsd
    2.86743e+02   -1.33927e+02   -8.02531e+01    6.52361e-07


DD  step 33999  vol min/aver 0.940  load imb.: force 27.7%
           Step           Time
          34000       68.00000

   Energies (kJ/mol)
           Bond          Angle        LJ (SR)  Disper. corr.   Coulomb (SR)
    1.14180e+03    2.06938e+03   -7.41758e+03   -3.60809e+02   -6.93836e+02
   Coul. recip.      Potential    Kinetic En.   Total Energy  Conserved En.
    1.07322e+02   -5.15372e+03    5.59203e+03    4.38316e+02   -5.13493e+03
    Temperature Pres. DC (bar) Pressure (bar)   Constr. rmsd
    3.00454e+02   -1.34154e+02   -5.57046e+01    6.88937e-07


DD  step 34999  vol min/aver 0.915  load imb.: force  3.5%
           Step           Time
          35000       70.00000

   Energies (kJ/mol)
           Bond          Angle        LJ (SR)  Disper. corr.   Coulomb (SR)
    1.20294e+03    2.06069e+03   -7.49566e+03   -3.61178e+02   -6.33750e+02
   Coul. recip.      Potential    Kinetic En.   Total Energy  Conserved En.
    1.16315e+02   -5.11064e+03    5.59481e+03    4.84164e+02   -5.13831e+03
    Temperature Pres. DC (bar) Pressure (bar)   Constr. rmsd
    3.00603e+02   -1.34428e+02   -1.52356e+02    6.36633e-07


DD  step 35999  vol min/aver 0.941  load imb.: force  7.7%
           Step           Time
          36000       72.00000

   Energies (kJ/mol)
           Bond          Angle        LJ (SR)  Disper. corr.   Coulomb (SR)
    1.13632e+03    2.15970e+03   -7.51540e+03   -3.61933e+02   -6.89575e+02
   Coul. recip.      Potential    Kinetic En.   Total Energy  Conserved En.
    1.00412e+02   -5.17047e+03    5.56342e+03    3.92948e+02   -5.13507e+03
    Temperature Pres. DC (bar) Pressure (bar)   Constr. rmsd
    2.98917e+02   -1.34991e+02   -1.35352e+02    6.63089e-07


DD  step 36999  vol min/aver 0.955  load imb.: force 10.4%
           Step           Time
          37000       74.00000

   Energies (kJ/mol)
           Bond          Angle        LJ (SR)  Disper. corr.   Coulomb (SR)
    1.19314e+03    2.14431e+03   -7.49390e+03   -3.61321e+02   -6.65247e+02
   Coul. recip.      Potential    Kinetic En.   Total Energy  Conserved En.
    1.08322e+02   -5.07470e+03    5.64130e+03    5.66601e+02   -5.13895e+03
    Temperature Pres. DC (bar) Pressure (bar)   Constr. rmsd
    3.03102e+02   -1.34535e+02    1.44063e+02    5.83832e-07


DD  step 37999  vol min/aver 0.942  load imb.: force  3.6%
           Step           Time
          38000       76.00000

   Energies (kJ/mol)
           Bond          Angle        LJ (SR)  Disper. corr.   Coulomb (SR)
    1.18574e+03    2.02523e+03   -7.43129e+03   -3.61324e+02   -6.94926e+02
   Coul. recip.      Potential    Kinetic En.   Total Energy  Conserved En.
    1.04191e+02   -5.17238e+03    5.56740e+03    3.95023e+02   -5.14073e+03
    Temperature Pres. DC (bar) Pressure (bar)   Constr. rmsd
    2.99131e+02   -1.34537e+02   -6.72014e+01    6.30424e-07


DD  step 38999  vol min/aver 0.918  load imb.: force  4.0%
           Step           Time
          39000       78.00000

   Energies (kJ/mol)
           Bond          Angle        LJ (SR)  Disper. corr.   Coulomb (SR)
    1.18817e+03    2.09003e+03   -7.47067e+03   -3.60702e+02   -6.27606e+02
   Coul. recip.      Potential    Kinetic En.   Total Energy  Conserved En.
    1.02347e+02   -5.07843e+03    5.65576e+03    5.77330e+02   -5.14037e+03
    Temperature Pres. DC (bar) Pressure (bar)   Constr. rmsd
    3.03878e+02   -1.34075e+02   -2.36111e+02    6.68785e-07


DD  step 39999  vol min/aver 0.943  load imb.: force  9.5%
           Step           Time
          40000       80.00000

   Energies (kJ/mol)
           Bond          Angle        LJ (SR)  Disper. corr.   Coulomb (SR)
    1.24867e+03    2.07263e+03   -7.44889e+03   -3.60997e+02   -6.59243e+02
   Coul. recip.      Potential    Kinetic En.   Total Energy  Conserved En.
    1.16136e+02   -5.03170e+03    5.53160e+03    4.99907e+02   -5.14184e+03
    Temperature Pres. DC (bar) Pressure (bar)   Constr. rmsd
    2.97207e+02   -1.34294e+02    7.04036e+01    6.41831e-07


DD  step 40999  vol min/aver 0.941  load imb.: force  2.5%
           Step           Time
          41000       82.00000

   Energies (kJ/mol)
           Bond          Angle        LJ (SR)  Disper. corr.   Coulomb (SR)
    1.23608e+03    2.12671e+03   -7.51160e+03   -3.61149e+02   -6.52929e+02
   Coul. recip.      Potential    Kinetic En.   Total Energy  Conserved En.
    1.04029e+02   -5.05886e+03    5.50347e+03    4.44607e+02   -5.13742e+03
    Temperature Pres. DC (bar) Pressure (bar)   Constr. rmsd
    2.95696e+02   -1.34407e+02   -3.12707e+01    6.98111e-07


DD  step 41999  vol min/aver 0.928  load imb.: force  4.3%
           Step           Time
          42000       84.00000

   Energies (kJ/mol)
           Bond          Angle        LJ (SR)  Disper. corr.   Coulomb (SR)
    1.16930e+03    2.00131e+03   -7.48183e+03   -3.60332e+02   -6.55011e+02
   Coul. recip.      Potential    Kinetic En.   Total Energy  Conserved En.
    1.11031e+02   -5.21554e+03    5.37762e+03    1.62081e+02   -5.13767e+03
    Temperature Pres. DC (bar) Pressure (bar)   Constr. rmsd
    2.88934e+02   -1.33800e+02    1.38187e+02    6.73512e-07


DD  step 42999  vol min/aver 0.883  load imb.: force  3.8%
           Step           Time
          43000       86.00000

   Energies (kJ/mol)
           Bond          Angle        LJ (SR)  Disper. corr.   Coulomb (SR)
    1.16455e+03    2.06097e+03   -7.39758e+03   -3.58758e+02   -6.27698e+02
   Coul. recip.      Potential    Kinetic En.   Total Energy  Conserved En.
    1.03787e+02   -5.05474e+03    5.60334e+03    5.48605e+02   -5.14262e+03
    Temperature Pres. DC (bar) Pressure (bar)   Constr. rmsd
    3.01062e+02   -1.32635e+02   -7.70650e+01    6.28789e-07


DD  step 43999  vol min/aver 0.953  load imb.: force  4.9%
           Step           Time
          44000       88.00000

   Energies (kJ/mol)
           Bond          Angle        LJ (SR)  Disper. corr.   Coulomb (SR)
    1.26960e+03    2.07188e+03   -7.42520e+03   -3.58187e+02   -6.16520e+02
   Coul. recip.      Potential    Kinetic En.   Total Energy  Conserved En.
    1.23518e+02   -4.93491e+03    5.48896e+03    5.54053e+02   -5.13708e+03
    Temperature Pres. DC (bar) Pressure (bar)   Constr. rmsd
    2.94916e+02   -1.32214e+02   -2.32365e+02    7.20976e-07


DD  step 44999  vol min/aver 0.945  load imb.: force  7.6%
           Step           Time
          45000       90.00000

   Energies (kJ/mol)
           Bond          Angle        LJ (SR)  Disper. corr.   Coulomb (SR)
    1.12028e+03    2.15315e+03   -7.34715e+03   -3.58052e+02   -6.28194e+02
   Coul. recip.      Potential    Kinetic En.   Total Energy  Conserved En.
    1.01867e+02   -4.95810e+03    5.69624e+03    7.38142e+02   -5.14364e+03
    Temperature Pres. DC (bar) Pressure (bar)   Constr. rmsd
    3.06053e+02   -1.32115e+02    3.28730e+02    6.75186e-07


DD  step 45999  vol min/aver 0.952  load imb.: force  4.1%
           Step           Time
          46000       92.00000

   Energies (kJ/mol)
           Bond          Angle        LJ (SR)  Disper. corr.   Coulomb (SR)
    1.23281e+03    2.09760e+03   -7.42550e+03   -3.60735e+02   -6.32377e+02
   Coul. recip.      Potential    Kinetic En.   Total Energy  Conserved En.
    9.28426e+01   -4.99535e+03    5.57210e+03    5.76744e+02   -5.13918e+03
    Temperature Pres. DC (bar) Pressure (bar)   Constr. rmsd
    2.99383e+02   -1.34099e+02   -2.09460e+01    6.54563e-07


DD  step 46999  vol min/aver 0.938  load imb.: force  2.7%
           Step           Time
          47000       94.00000

   Energies (kJ/mol)
           Bond          Angle        LJ (SR)  Disper. corr.   Coulomb (SR)
    1.22335e+03    2.12430e+03   -7.50024e+03   -3.61615e+02   -6.52959e+02
   Coul. recip.      Potential    Kinetic En.   Total Energy  Conserved En.
    1.08245e+02   -5.05891e+03    5.37852e+03    3.19612e+02   -5.13779e+03
    Temperature Pres. DC (bar) Pressure (bar)   Constr. rmsd
    2.88983e+02   -1.34754e+02   -2.43145e+02    6.36035e-07


DD  step 47999  vol min/aver 0.957  load imb.: force  3.6%
           Step           Time
          48000       96.00000

   Energies (kJ/mol)
           Bond          Angle        LJ (SR)  Disper. corr.   Coulomb (SR)
    1.16247e+03    2.08835e+03   -7.46060e+03   -3.61426e+02   -6.77221e+02
   Coul. recip.      Potential    Kinetic En.   Total Energy  Conserved En.
    1.17361e+02   -5.13106e+03    5.64433e+03    5.13266e+02   -5.13806e+03
    Temperature Pres. DC (bar) Pressure (bar)   Constr. rmsd
    3.03264e+02   -1.34613e+02    6.82998e+02    6.70653e-07


DD  step 48999  vol min/aver 0.856  load imb.: force  4.1%
           Step           Time
          49000       98.00000

   Energies (kJ/mol)
           Bond          Angle        LJ (SR)  Disper. corr.   Coulomb (SR)
    1.16619e+03    2.09057e+03   -7.43917e+03   -3.61253e+02   -6.90067e+02
   Coul. recip.      Potential    Kinetic En.   Total Energy  Conserved En.
    1.04574e+02   -5.12916e+03    5.57741e+03    4.48256e+02   -5.13950e+03
    Temperature Pres. DC (bar) Pressure (bar)   Constr. rmsd
    2.99669e+02   -1.34484e+02   -1.85181e+00    6.76548e-07


DD  step 49999  vol min/aver 0.937  load imb.: force  5.8%
           Step           Time
          50000      100.00000

   Energies (kJ/mol)
           Bond          Angle        LJ (SR)  Disper. corr.   Coulomb (SR)
    1.21613e+03    2.06516e+03   -7.46245e+03   -3.61567e+02   -6.20747e+02
   Coul. recip.      Potential    Kinetic En.   Total Energy  Conserved En.
    1.09209e+02   -5.05426e+03    5.56950e+03    5.15243e+02   -5.13829e+03
    Temperature Pres. DC (bar) Pressure (bar)   Constr. rmsd
    2.99244e+02   -1.34718e+02    3.51333e+02    6.76349e-07


DD  step 50999  vol min/aver 0.963  load imb.: force 11.2%
           Step           Time
          51000      102.00000

   Energies (kJ/mol)
           Bond          Angle        LJ (SR)  Disper. corr.   Coulomb (SR)
    1.13881e+03    2.12489e+03   -7.53515e+03   -3.62589e+02   -6.86039e+02
   Coul. recip.      Potential    Kinetic En.   Total Energy  Conserved En.
    1.11230e+02   -5.20885e+03    5.63133e+03    4.22479e+02   -5.14510e+03
    Temperature Pres. DC (bar) Pressure (bar)   Constr. rmsd
    3.02566e+02   -1.35480e+02   -3.51667e+02    6.85228e-07


DD  step 51999  vol min/aver 0.909  load imb.: force  3.9%
           Step           Time
          52000      104.00000

   Energies (kJ/mol)
           Bond          Angle        LJ (SR)  Disper. corr.   Coulomb (SR)
    1.15234e+03    1.97014e+03   -7.40291e+03   -3.62206e+02   -6.87785e+02
   Coul. recip.      Potential    Kinetic En.   Total Energy  Conserved En.
    9.53033e+01   -5.23511e+03    5.44151e+03    2.06403e+02   -5.14773e+03
    Temperature Pres. DC (bar) Pressure (bar)   Constr. rmsd
    2.92367e+02   -1.35194e+02    2.35584e+02    6.57635e-07


DD  step 52999  vol min/aver 0.945  load imb.: force  4.6%
           Step           Time
          53000      106.00000

   Energies (kJ/mol)
           Bond          Angle        LJ (SR)  Disper. corr.   Coulomb (SR)
    1.12779e+03    2.10829e+03   -7.45185e+03   -3.62677e+02   -6.67900e+02
   Coul. recip.      Potential    Kinetic En.   Total Energy  Conserved En.
    1.04730e+02   -5.14162e+03    5.36424e+03    2.22626e+02   -5.14164e+03
    Temperature Pres. DC (bar) Pressure (bar)   Constr. rmsd
    2.88215e+02   -1.35546e+02    3.32698e+02    6.57178e-07


DD  step 53999  vol min/aver 0.959  load imb.: force  5.4%
           Step           Time
          54000      108.00000

   Energies (kJ/mol)
           Bond          Angle        LJ (SR)  Disper. corr.   Coulomb (SR)
    1.05840e+03    2.14665e+03   -7.47685e+03   -3.61462e+02   -6.35792e+02
   Coul. recip.      Potential    Kinetic En.   Total Energy  Conserved En.
    1.23242e+02   -5.14581e+03    5.29791e+03    1.52103e+02   -5.13578e+03
    Temperature Pres. DC (bar) Pressure (bar)   Constr. rmsd
    2.84651e+02   -1.34640e+02   -1.15291e+02    6.89120e-07


DD  step 54999  vol min/aver 0.923  load imb.: force  5.2%
           Step           Time
          55000      110.00000

   Energies (kJ/mol)
           Bond          Angle        LJ (SR)  Disper. corr.   Coulomb (SR)
    1.13513e+03    2.06399e+03   -7.36312e+03   -3.62523e+02   -6.86103e+02
   Coul. recip.      Potential    Kinetic En.   Total Energy  Conserved En.
    1.02783e+02   -5.10984e+03    5.60738e+03    4.97539e+02   -5.15002e+03
    Temperature Pres. DC (bar) Pressure (bar)   Constr. rmsd
    3.01279e+02   -1.35430e+02    2.68993e+02    7.06170e-07


DD  step 55999  vol min/aver 0.941  load imb.: force  4.7%
           Step           Time
          56000      112.00000

   Energies (kJ/mol)
           Bond          Angle        LJ (SR)  Disper. corr.   Coulomb (SR)
    1.14046e+03    2.08516e+03   -7.48048e+03   -3.62467e+02   -6.65839e+02
   Coul. recip.      Potential    Kinetic En.   Total Energy  Conserved En.
    1.09629e+02   -5.17353e+03    5.49660e+03    3.23072e+02   -5.14759e+03
    Temperature Pres. DC (bar) Pressure (bar)   Constr. rmsd
    2.95327e+02   -1.35388e+02   -7.91167e+01    6.82092e-07


DD  step 56999  vol min/aver 0.933  load imb.: force  3.2%
           Step           Time
          57000      114.00000

   Energies (kJ/mol)
           Bond          Angle        LJ (SR)  Disper. corr.   Coulomb (SR)
    1.20357e+03    2.05789e+03   -7.41899e+03   -3.61871e+02   -6.80736e+02
   Coul. recip.      Potential    Kinetic En.   Total Energy  Conserved En.
    1.07442e+02   -5.09269e+03    5.53707e+03    4.44372e+02   -5.14884e+03
    Temperature Pres. DC (bar) Pressure (bar)   Constr. rmsd
    2.97501e+02   -1.34944e+02    3.89644e+02    6.41927e-07


DD  step 57999  vol min/aver 0.968  load imb.: force  3.9%
           Step           Time
          58000      116.00000

   Energies (kJ/mol)
           Bond          Angle        LJ (SR)  Disper. corr.   Coulomb (SR)
    1.10703e+03    2.04839e+03   -7.48287e+03   -3.61316e+02   -7.05810e+02
   Coul. recip.      Potential    Kinetic En.   Total Energy  Conserved En.
    1.02029e+02   -5.29255e+03    5.57909e+03    2.86548e+02   -5.15072e+03
    Temperature Pres. DC (bar) Pressure (bar)   Constr. rmsd
    2.99759e+02   -1.34531e+02   -5.60951e+01    6.46069e-07


DD  step 58999  vol min/aver 0.949  load imb.: force  3.7%
           Step           Time
          59000      118.00000

   Energies (kJ/mol)
           Bond          Angle        LJ (SR)  Disper. corr.   Coulomb (SR)
    1.14256e+03    2.11453e+03   -7.48503e+03   -3.60629e+02   -6.27414e+02
   Coul. recip.      Potential    Kinetic En.   Total Energy  Conserved En.
    1.14803e+02   -5.10118e+03    5.76720e+03    6.66019e+02   -5.15219e+03
    Temperature Pres. DC (bar) Pressure (bar)   Constr. rmsd
    3.09866e+02   -1.34021e+02   -1.59706e+02    6.73023e-07


DD  step 59999  vol min/aver 0.956  load imb.: force  4.2%
           Step           Time
          60000      120.00000

   Energies (kJ/mol)
           Bond          Angle        LJ (SR)  Disper. corr.   Coulomb (SR)
    1.12200e+03    2.12862e+03   -7.50890e+03   -3.60202e+02   -6.77395e+02
   Coul. recip.      Potential    Kinetic En.   Total Energy  Conserved En.
    1.08110e+02   -5.18777e+03    5.72370e+03    5.35938e+02   -5.15150e+03
    Temperature Pres. DC (bar) Pressure (bar)   Constr. rmsd
    3.07529e+02   -1.33704e+02   -2.78693e+02    6.08787e-07


DD  step 60999  vol min/aver 0.913  load imb.: force  1.9%
           Step           Time
          61000      122.00000

   Energies (kJ/mol)
           Bond          Angle        LJ (SR)  Disper. corr.   Coulomb (SR)
    1.16238e+03    2.12361e+03   -7.48992e+03   -3.60663e+02   -6.64897e+02
   Coul. recip.      Potential    Kinetic En.   Total Energy  Conserved En.
    1.16723e+02   -5.11277e+03    5.50295e+03    3.90183e+02   -5.15011e+03
    Temperature Pres. DC (bar) Pressure (bar)   Constr. rmsd
    2.95668e+02   -1.34046e+02   -4.25398e+01    6.98183e-07


DD  step 61999  vol min/aver 0.969  load imb.: force  6.8%
           Step           Time
          62000      124.00000

   Energies (kJ/mol)
           Bond          Angle        LJ (SR)  Disper. corr.   Coulomb (SR)
    1.14580e+03    2.01800e+03   -7.48836e+03   -3.60529e+02   -6.86144e+02
   Coul. recip.      Potential    Kinetic En.   Total Energy  Conserved En.
    9.29427e+01   -5.27829e+03    5.56902e+03    2.90736e+02   -5.15515e+03
    Temperature Pres. DC (bar) Pressure (bar)   Constr. rmsd
    2.99218e+02   -1.33946e+02   -5.34992e+01    6.05717e-07


DD  step 62999  vol min/aver 0.974  load imb.: force  3.9%
           Step           Time
          63000      126.00000

   Energies (kJ/mol)
           Bond          Angle        LJ (SR)  Disper. corr.   Coulomb (SR)
    1.20960e+03    2.02132e+03   -7.52158e+03   -3.60364e+02   -6.81151e+02
   Coul. recip.      Potential    Kinetic En.   Total Energy  Conserved En.
    1.02669e+02   -5.22950e+03    5.49957e+03    2.70074e+02   -5.15204e+03
    Temperature Pres. DC (bar) Pressure (bar)   Constr. rmsd
    2.95487e+02   -1.33824e+02   -2.03018e+02    6.60625e-07


DD  step 63999  vol min/aver 0.967  load imb.: force  4.7%
           Step           Time
          64000      128.00000

   Energies (kJ/mol)
           Bond          Angle        LJ (SR)  Disper. corr.   Coulomb (SR)
    1.17728e+03    2.04048e+03   -7.47032e+03   -3.59446e+02   -6.55748e+02
   Coul. recip.      Potential    Kinetic En.   Total Energy  Conserved En.
    1.20689e+02   -5.14707e+03    5.46855e+03    3.21482e+02   -5.15397e+03
    Temperature Pres. DC (bar) Pressure (bar)   Constr. rmsd
    2.93820e+02   -1.33144e+02    1.36445e+02    6.46320e-07


DD  step 64999  vol min/aver 0.952  load imb.: force  2.8%
           Step           Time
          65000      130.00000

   Energies (kJ/mol)
           Bond          Angle        LJ (SR)  Disper. corr.   Coulomb (SR)
    1.14670e+03    2.10211e+03   -7.30660e+03   -3.57943e+02   -6.78357e+02
   Coul. recip.      Potential    Kinetic En.   Total Energy  Conserved En.
    9.99892e+01   -4.99409e+03    5.53669e+03    5.42592e+02   -5.14668e+03
    Temperature Pres. DC (bar) Pressure (bar)   Constr. rmsd
    2.97481e+02   -1.32034e+02    2.61455e+02    6.42136e-07


DD  step 65999  vol min/aver 0.895  load imb.: force  4.3%
           Step           Time
          66000      132.00000

   Energies (kJ/mol)
           Bond          Angle        LJ (SR)  Disper. corr.   Coulomb (SR)
    1.25473e+03    2.02499e+03   -7.43798e+03   -3.58101e+02   -6.51720e+02
   Coul. recip.      Potential    Kinetic En.   Total Energy  Conserved En.
    1.04964e+02   -5.06312e+03    5.53394e+03    4.70819e+02   -5.15375e+03
    Temperature Pres. DC (bar) Pressure (bar)   Constr. rmsd
    2.97333e+02   -1.32150e+02    6.30831e+01    6.71860e-07


DD  step 66999  vol min/aver 0.947  load imb.: force  6.5%
           Step           Time
          67000      134.00000

   Energies (kJ/mol)
           Bond          Angle        LJ (SR)  Disper. corr.   Coulomb (SR)
    1.16421e+03    2.08075e+03   -7.40267e+03   -3.59847e+02   -6.94204e+02
   Coul. recip.      Potential    Kinetic En.   Total Energy  Conserved En.
    9.66785e+01   -5.11508e+03    5.39458e+03    2.79496e+02   -5.14777e+03
    Temperature Pres. DC (bar) Pressure (bar)   Constr. rmsd
    2.89845e+02   -1.33441e+02   -1.93983e+02    6.56741e-07


DD  step 67999  vol min/aver 0.954  load imb.: force  2.6%
           Step           Time
          68000      136.00000

   Energies (kJ/mol)
           Bond          Angle        LJ (SR)  Disper. corr.   Coulomb (SR)
    1.11772e+03    2.09927e+03   -7.53660e+03   -3.61408e+02   -6.45120e+02
   Coul. recip.      Potential    Kinetic En.   Total Energy  Conserved En.
    1.19482e+02   -5.20666e+03    5.61746e+03    4.10804e+02   -5.15039e+03
    Temperature Pres. DC (bar) Pressure (bar)   Constr. rmsd
    3.01821e+02   -1.34600e+02   -3.86773e+02    6.90427e-07


DD  step 68999  vol min/aver 0.953  load imb.: force  4.6%
           Step           Time
          69000      138.00000

   Energies (kJ/mol)
           Bond          Angle        LJ (SR)  Disper. corr.   Coulomb (SR)
    1.16876e+03    2.14553e+03   -7.42034e+03   -3.61251e+02   -6.72513e+02
   Coul. recip.      Potential    Kinetic En.   Total Energy  Conserved En.
    1.03671e+02   -5.03614e+03    5.72599e+03    6.89843e+02   -5.15642e+03
    Temperature Pres. DC (bar) Pressure (bar)   Constr. rmsd
    3.07651e+02   -1.34483e+02    1.56360e+02    6.75822e-07


DD  step 69999  vol min/aver 0.931  load imb.: force  3.0%
           Step           Time
          70000      140.00000

   Energies (kJ/mol)
           Bond          Angle        LJ (SR)  Disper. corr.   Coulomb (SR)
    1.22041e+03    2.13136e+03   -7.48084e+03   -3.60780e+02   -6.69747e+02
   Coul. recip.      Potential    Kinetic En.   Total Energy  Conserved En.
    1.09949e+02   -5.04964e+03    5.64553e+03    5.95887e+02   -5.14364e+03
    Temperature Pres. DC (bar) Pressure (bar)   Constr. rmsd
    3.03328e+02   -1.34133e+02   -3.20527e+02    7.03642e-07


DD  step 70999  vol min/aver 0.950  load imb.: force  3.4%
           Step           Time
          71000      142.00000

   Energies (kJ/mol)
           Bond          Angle        LJ (SR)  Disper. corr.   Coulomb (SR)
    1.20323e+03    2.15195e+03   -7.37420e+03   -3.60645e+02   -6.30830e+02
   Coul. recip.      Potential    Kinetic En.   Total Energy  Conserved En.
    1.12781e+02   -4.89772e+03    5.51949e+03    6.21773e+02   -5.14369e+03
    Temperature Pres. DC (bar) Pressure (bar)   Constr. rmsd
    2.96557e+02   -1.34033e+02    3.40505e+02    6.72749e-07


DD  step 71999  vol min/aver 0.929  load imb.: force  6.6%
           Step           Time
          72000      144.00000

   Energies (kJ/mol)
           Bond          Angle        LJ (SR)  Disper. corr.   Coulomb (SR)
    1.16662e+03    2.11918e+03   -7.55161e+03   -3.62029e+02   -6.70192e+02
   Coul. recip.      Potential    Kinetic En.   Total Energy  Conserved En.
    1.00982e+02   -5.19705e+03    5.51227e+03    3.15228e+02   -5.15127e+03
    Temperature Pres. DC (bar) Pressure (bar)   Constr. rmsd
    2.96169e+02   -1.35062e+02   -2.97650e+02    6.30274e-07


DD  step 72999  vol min/aver 0.884  load imb.: force  4.0%
           Step           Time
          73000      146.00000

   Energies (kJ/mol)
           Bond          Angle        LJ (SR)  Disper. corr.   Coulomb (SR)
    1.29466e+03    2.03032e+03   -7.46445e+03   -3.62614e+02   -6.85036e+02
   Coul. recip.      Potential    Kinetic En.   Total Energy  Conserved En.
    1.05403e+02   -5.08171e+03    5.44937e+03    3.67654e+02   -5.15421e+03
    Temperature Pres. DC (bar) Pressure (bar)   Constr. rmsd
    2.92789e+02   -1.35498e+02   -8.19269e+01    6.59321e-07


DD  step 73999  vol min/aver 0.927  load imb.: force  4.6%
           Step           Time
          74000      148.00000

   Energies (kJ/mol)
           Bond          Angle        LJ (SR)  Disper. corr.   Coulomb (SR)
    1.18518e+03    2.09736e+03   -7.52309e+03   -3.62818e+02   -6.66234e+02
   Coul. recip.      Potential    Kinetic En.   Total Energy  Conserved En.
    1.09176e+02   -5.16043e+03    5.55391e+03    3.93480e+02   -5.14828e+03
    Temperature Pres. DC (bar) Pressure (bar)   Constr. rmsd
    2.98406e+02   -1.35650e+02   -3.89852e+01    6.66769e-07


DD  step 74999  vol min/aver 0.894  load imb.: force  3.1%
           Step           Time
          75000      150.00000

   Energies (kJ/mol)
           Bond          Angle        LJ (SR)  Disper. corr.   Coulomb (SR)
    1.19664e+03    2.11336e+03   -7.58740e+03   -3.62667e+02   -6.56679e+02
   Coul. recip.      Potential    Kinetic En.   Total Energy  Conserved En.
    1.08146e+02   -5.18860e+03    5.55886e+03    3.70252e+02   -5.14702e+03
    Temperature Pres. DC (bar) Pressure (bar)   Constr. rmsd
    2.98672e+02   -1.35538e+02   -4.42238e+01    6.59513e-07


DD  step 75999  vol min/aver 0.946  load imb.: force  2.3%
           Step           Time
          76000      152.00000

   Energies (kJ/mol)
           Bond          Angle        LJ (SR)  Disper. corr.   Coulomb (SR)
    1.17542e+03    2.08217e+03   -7.51131e+03   -3.63167e+02   -6.61688e+02
   Coul. recip.      Potential    Kinetic En.   Total Energy  Conserved En.
    1.05838e+02   -5.17273e+03    5.58611e+03    4.13376e+02   -5.14988e+03
    Temperature Pres. DC (bar) Pressure (bar)   Constr. rmsd
    3.00136e+02   -1.35911e+02    1.36271e+02    6.60143e-07


DD  step 76999  vol min/aver 0.911  load imb.: force  1.9%
           Step           Time
          77000      154.00000

   Energies (kJ/mol)
           Bond          Angle        LJ (SR)  Disper. corr.   Coulomb (SR)
    1.21142e+03    2.12343e+03   -7.55201e+03   -3.62889e+02   -6.44605e+02
   Coul. recip.      Potential    Kinetic En.   Total Energy  Conserved En.
    1.15948e+02   -5.10871e+03    5.63407e+03    5.25361e+02   -5.15453e+03
    Temperature Pres. DC (bar) Pressure (bar)   Constr. rmsd
    3.02713e+02   -1.35703e+02    8.40671e+01    6.42388e-07


DD  step 77999  vol min/aver 0.944  load imb.: force  7.9%
           Step           Time
          78000      156.00000

   Energies (kJ/mol)
           Bond          Angle        LJ (SR)  Disper. corr.   Coulomb (SR)
    1.23432e+03    2.08451e+03   -7.63086e+03   -3.64105e+02   -6.70747e+02
   Coul. recip.      Potential    Kinetic En.   Total Energy  Conserved En.
    1.00553e+02   -5.24632e+03    5.29725e+03    5.09302e+01   -5.14469e+03
    Temperature Pres. DC (bar) Pressure (bar)   Constr. rmsd
    2.84616e+02   -1.36614e+02   -3.04768e+02    6.44314e-07


DD  step 78999  vol min/aver 0.892  load imb.: force  5.9%
           Step           Time
          79000      158.00000

   Energies (kJ/mol)
           Bond          Angle        LJ (SR)  Disper. corr.   Coulomb (SR)
    1.20356e+03    2.06622e+03   -7.53549e+03   -3.64418e+02   -6.56662e+02
   Coul. recip.      Potential    Kinetic En.   Total Energy  Conserved En.
    1.15544e+02   -5.17124e+03    5.72725e+03    5.56007e+02   -5.16080e+03
    Temperature Pres. DC (bar) Pressure (bar)   Constr. rmsd
    3.07719e+02   -1.36848e+02    1.44716e+02    6.55514e-07


DD  step 79999  vol min/aver 0.949  load imb.: force  5.5%
           Step           Time
          80000      160.00000

   Energies (kJ/mol)
           Bond          Angle        LJ (SR)  Disper. corr.   Coulomb (SR)
    1.16894e+03    2.05225e+03   -7.52121e+03   -3.64643e+02   -7.09064e+02
   Coul. recip.      Potential    Kinetic En.   Total Energy  Conserved En.
    9.91177e+01   -5.27461e+03    5.34973e+03    7.51167e+01   -5.15047e+03
    Temperature Pres. DC (bar) Pressure (bar)   Constr. rmsd
    2.87435e+02   -1.37017e+02    1.26997e+02    6.32207e-07


DD  step 80999  vol min/aver 0.947  load imb.: force  8.1%
           Step           Time
          81000      162.00000

   Energies (kJ/mol)
           Bond          Angle        LJ (SR)  Disper. corr.   Coulomb (SR)
    1.25017e+03    2.15938e+03   -7.49812e+03   -3.63242e+02   -6.83685e+02
   Coul. recip.      Potential    Kinetic En.   Total Energy  Conserved En.
    9.71069e+01   -5.03838e+03    5.54422e+03    5.05840e+02   -5.14572e+03
    Temperature Pres. DC (bar) Pressure (bar)   Constr. rmsd
    2.97886e+02   -1.35967e+02    2.84636e+02    6.78578e-07


DD  step 81999  vol min/aver 0.939  load imb.: force  2.7%
           Step           Time
          82000      164.00000

   Energies (kJ/mol)
           Bond          Angle        LJ (SR)  Disper. corr.   Coulomb (SR)
    1.19016e+03    2.20965e+03   -7.51063e+03   -3.63022e+02   -6.61013e+02
   Coul. recip.      Potential    Kinetic En.   Total Energy  Conserved En.
    1.07831e+02   -5.02702e+03    5.66240e+03    6.35380e+02   -5.14607e+03
    Temperature Pres. DC (bar) Pressure (bar)   Constr. rmsd
    3.04235e+02   -1.35803e+02   -4.17610e+01    6.63856e-07


DD  step 82999  vol min/aver 0.916  load imb.: force  3.4%
           Step           Time
          83000      166.00000

   Energies (kJ/mol)
           Bond          Angle        LJ (SR)  Disper. corr.   Coulomb (SR)
    1.14757e+03    2.06747e+03   -7.52328e+03   -3.63730e+02   -7.04116e+02
   Coul. recip.      Potential    Kinetic En.   Total Energy  Conserved En.
    9.56641e+01   -5.28041e+03    5.68434e+03    4.03930e+02   -5.15291e+03
    Temperature Pres. DC (bar) Pressure (bar)   Constr. rmsd
    3.05414e+02   -1.36333e+02   -3.78310e+02    6.75158e-07


DD  step 83999  vol min/aver 0.929  load imb.: force  6.2%
           Step           Time
          84000      168.00000

   Energies (kJ/mol)
           Bond          Angle        LJ (SR)  Disper. corr.   Coulomb (SR)
    1.09708e+03    2.06552e+03   -7.58022e+03   -3.63825e+02   -6.57097e+02
   Coul. recip.      Potential    Kinetic En.   Total Energy  Conserved En.
    1.06492e+02   -5.33205e+03    5.55772e+03    2.25670e+02   -5.15089e+03
    Temperature Pres. DC (bar) Pressure (bar)   Constr. rmsd
    2.98611e+02   -1.36404e+02   -1.16746e+02    6.72342e-07


DD  step 84999  vol min/aver 0.913  load imb.: force  5.3%
           Step           Time
          85000      170.00000

   Energies (kJ/mol)
           Bond          Angle        LJ (SR)  Disper. corr.   Coulomb (SR)
    1.15557e+03    2.06207e+03   -7.53536e+03   -3.63463e+02   -6.92118e+02
   Coul. recip.      Potential    Kinetic En.   Total Energy  Conserved En.
    1.12972e+02   -5.26033e+03    5.47730e+03    2.16976e+02   -5.15016e+03
    Temperature Pres. DC (bar) Pressure (bar)   Constr. rmsd
    2.94290e+02   -1.36133e+02   -4.11632e+01    7.03932e-07


DD  step 85999  vol min/aver 0.935  load imb.: force  2.6%
           Step           Time
          86000      172.00000

   Energies (kJ/mol)
           Bond          Angle        LJ (SR)  Disper. corr.   Coulomb (SR)
    1.14827e+03    2.10144e+03   -7.54445e+03   -3.63344e+02   -6.58919e+02
   Coul. recip.      Potential    Kinetic En.   Total Energy  Conserved En.
    1.07689e+02   -5.20931e+03    5.46787e+03    2.58554e+02   -5.15758e+03
    Temperature Pres. DC (bar) Pressure (bar)   Constr. rmsd
    2.93783e+02   -1.36043e+02   -2.46562e+02    6.30770e-07


DD  step 86999  vol min/aver 0.922  load imb.: force 11.2%
           Step           Time
          87000      174.00000

   Energies (kJ/mol)
           Bond          Angle        LJ (SR)  Disper. corr.   Coulomb (SR)
    1.09581e+03    2.17055e+03   -7.53799e+03   -3.62853e+02   -6.94884e+02
   Coul. recip.      Potential    Kinetic En.   Total Energy  Conserved En.
    1.08120e+02   -5.22125e+03    5.44579e+03    2.24542e+02   -5.14575e+03
    Temperature Pres. DC (bar) Pressure (bar)   Constr. rmsd
    2.92597e+02   -1.35677e+02   -7.14594e+01    6.20844e-07


DD  step 87999  vol min/aver 0.943  load imb.: force  1.9%
           Step           Time
          88000      176.00000

   Energies (kJ/mol)
           Bond          Angle        LJ (SR)  Disper. corr.   Coulomb (SR)
    1.15159e+03    2.19106e+03   -7.53084e+03   -3.62917e+02   -6.44478e+02
   Coul. recip.      Potential    Kinetic En.   Total Energy  Conserved En.
    1.04568e+02   -5.09102e+03    5.60782e+03    5.16798e+02   -5.15010e+03
    Temperature Pres. DC (bar) Pressure (bar)   Constr. rmsd
    3.01303e+02   -1.35724e+02   -1.94509e+02    6.61385e-07


DD  step 88999  vol min/aver 0.943  load imb.: force  3.6%
           Step           Time
          89000      178.00000

   Energies (kJ/mol)
           Bond          Angle        LJ (SR)  Disper. corr.   Coulomb (SR)
    1.19389e+03    2.16267e+03   -7.50254e+03   -3.64320e+02   -6.93224e+02
   Coul. recip.      Potential    Kinetic En.   Total Energy  Conserved En.
    9.95342e+01   -5.10399e+03    5.50764e+03    4.03653e+02   -5.15152e+03
    Temperature Pres. DC (bar) Pressure (bar)   Constr. rmsd
    2.95920e+02   -1.36775e+02    1.44972e+02    6.94281e-07


DD  step 89999  vol min/aver 0.952  load imb.: force  4.5%
           Step           Time
          90000      180.00000

   Energies (kJ/mol)
           Bond          Angle        LJ (SR)  Disper. corr.   Coulomb (SR)
    1.17535e+03    2.01756e+03   -7.45331e+03   -3.64306e+02   -6.98490e+02
   Coul. recip.      Potential    Kinetic En.   Total Energy  Conserved En.
    9.69341e+01   -5.22626e+03    5.50822e+03    2.81956e+02   -5.16014e+03
    Temperature Pres. DC (bar) Pressure (bar)   Constr. rmsd
    2.95951e+02   -1.36764e+02   -2.25754e+02    6.27126e-07


DD  step 90999  vol min/aver 0.938  load imb.: force  4.3%
           Step           Time
          91000      182.00000

   Energies (kJ/mol)
           Bond          Angle        LJ (SR)  Disper. corr.   Coulomb (SR)
    1.13637e+03    2.22597e+03   -7.49861e+03   -3.63181e+02   -6.80638e+02
   Coul. recip.      Potential    Kinetic En.   Total Energy  Conserved En.
    9.66996e+01   -5.08339e+03    5.44259e+03    3.59200e+02   -5.14674e+03
    Temperature Pres. DC (bar) Pressure (bar)   Constr. rmsd
    2.92425e+02   -1.35922e+02    4.07930e+02    6.55617e-07


DD  step 91999  vol min/aver 0.932  load imb.: force  5.9%
           Step           Time
          92000      184.00000

   Energies (kJ/mol)
           Bond          Angle        LJ (SR)  Disper. corr.   Coulomb (SR)
    1.16557e+03    2.25013e+03   -7.54615e+03   -3.62379e+02   -6.52906e+02
   Coul. recip.      Potential    Kinetic En.   Total Energy  Conserved En.
    1.18984e+02   -5.02675e+03    5.60127e+03    5.74514e+02   -5.14565e+03
    Temperature Pres. DC (bar) Pressure (bar)   Constr. rmsd
    3.00950e+02   -1.35323e+02   -2.51364e+02    6.49109e-07


DD  step 92999  vol min/aver 0.936  load imb.: force  7.0%
           Step           Time
          93000      186.00000

   Energies (kJ/mol)
           Bond          Angle        LJ (SR)  Disper. corr.   Coulomb (SR)
    1.18132e+03    2.06110e+03   -7.61248e+03   -3.63150e+02   -6.74466e+02
   Coul. recip.      Potential    Kinetic En.   Total Energy  Conserved En.
    1.13021e+02   -5.29466e+03    5.36373e+03    6.90752e+01   -5.15658e+03
    Temperature Pres. DC (bar) Pressure (bar)   Constr. rmsd
    2.88188e+02   -1.35899e+02   -3.89242e+02    7.23753e-07


DD  step 93999  vol min/aver 0.956  load imb.: force  2.7%
           Step           Time
          94000      188.00000

   Energies (kJ/mol)
           Bond          Angle        LJ (SR)  Disper. corr.   Coulomb (SR)
    1.12080e+03    2.08359e+03   -7.55173e+03   -3.64256e+02   -6.88009e+02
   Coul. recip.      Potential    Kinetic En.   Total Energy  Conserved En.
    1.06347e+02   -5.29326e+03    5.46918e+03    1.75924e+02   -5.15481e+03
    Temperature Pres. DC (bar) Pressure (bar)   Constr. rmsd
    2.93854e+02   -1.36727e+02    3.56422e+01    6.54824e-07


DD  step 94999  vol min/aver 0.956  load imb.: force  4.3%
           Step           Time
          95000      190.00000

   Energies (kJ/mol)
           Bond          Angle        LJ (SR)  Disper. corr.   Coulomb (SR)
    1.06649e+03    2.15894e+03   -7.60763e+03   -3.64319e+02   -6.73277e+02
   Coul. recip.      Potential    Kinetic En.   Total Energy  Conserved En.
    1.07040e+02   -5.31276e+03    5.32789e+03    1.51265e+01   -5.15276e+03
    Temperature Pres. DC (bar) Pressure (bar)   Constr. rmsd
    2.86262e+02   -1.36774e+02    2.93954e+01    6.44827e-07


DD  step 95999  vol min/aver 0.947  load imb.: force  3.9%
           Step           Time
          96000      192.00000

   Energies (kJ/mol)
           Bond          Angle        LJ (SR)  Disper. corr.   Coulomb (SR)
    1.06044e+03    2.24955e+03   -7.52590e+03   -3.64979e+02   -6.81948e+02
   Coul. recip.      Potential    Kinetic En.   Total Energy  Conserved En.
    1.06975e+02   -5.15587e+03    5.44816e+03    2.92287e+02   -5.15686e+03
    Temperature Pres. DC (bar) Pressure (bar)   Constr. rmsd
    2.92724e+02   -1.37269e+02    6.60436e+01    6.95096e-07


DD  step 96999  vol min/aver 0.938  load imb.: force  5.0%
           Step           Time
          97000      194.00000

   Energies (kJ/mol)
           Bond          Angle        LJ (SR)  Disper. corr.   Coulomb (SR)
    1.13030e+03    2.04939e+03   -7.65908e+03   -3.64033e+02   -6.48390e+02
   Coul. recip.      Potential    Kinetic En.   Total Energy  Conserved En.
    1.09970e+02   -5.38185e+03    5.55190e+03    1.70053e+02   -5.16000e+03
    Temperature Pres. DC (bar) Pressure (bar)   Constr. rmsd
    2.98298e+02   -1.36560e+02   -3.99319e+02    6.39818e-07


DD  step 97999  vol min/aver 0.883  load imb.: force  2.0%
           Step           Time
          98000      196.00000

   Energies (kJ/mol)
           Bond          Angle        LJ (SR)  Disper. corr.   Coulomb (SR)
    1.22555e+03    2.05737e+03   -7.65762e+03   -3.64970e+02   -6.63529e+02
   Coul. recip.      Potential    Kinetic En.   Total Energy  Conserved En.
    1.03753e+02   -5.29945e+03    5.37547e+03    7.60146e+01   -5.15888e+03
    Temperature Pres. DC (bar) Pressure (bar)   Constr. rmsd
    2.88819e+02   -1.37263e+02   -2.95877e+02    6.69897e-07


DD  step 98999  vol min/aver 0.947  load imb.: force  8.2%
           Step           Time
          99000      198.00000

   Energies (kJ/mol)
           Bond          Angle        LJ (SR)  Disper. corr.   Coulomb (SR)
    1.18709e+03    2.08927e+03   -7.63611e+03   -3.66195e+02   -6.63181e+02
   Coul. recip.      Potential    Kinetic En.   Total Energy  Conserved En.
    1.25237e+02   -5.26388e+03    5.44584e+03    1.81960e+02   -5.15487e+03
    Temperature Pres. DC (bar) Pressure (bar)   Constr. rmsd
    2.92600e+02   -1.38184e+02    1.66772e+00    6.68041e-07


DD  step 99999  vol min/aver 0.949  load imb.: force  3.7%
           Step           Time
         100000      200.00000

Writing checkpoint, step 100000 at Fri Mar 14 07:48:15 2025


   Energies (kJ/mol)
           Bond          Angle        LJ (SR)  Disper. corr.   Coulomb (SR)
    1.14335e+03    2.09487e+03   -7.65135e+03   -3.67098e+02   -6.88587e+02
   Coul. recip.      Potential    Kinetic En.   Total Energy  Conserved En.
    1.00107e+02   -5.36872e+03    5.67188e+03    3.03164e+02   -5.16492e+03
    Temperature Pres. DC (bar) Pressure (bar)   Constr. rmsd
    3.04745e+02   -1.38866e+02   -1.62656e+02    6.57480e-07


	<======  ###############  ==>
	<====  A V E R A G E S  ====>
	<==  ###############  ======>

	Statistics over 100001 steps using 1001 frames

   Energies (kJ/mol)
           Bond          Angle        LJ (SR)  Disper. corr.   Coulomb (SR)
    1.15096e+03    2.09983e+03   -7.47891e+03   -3.61417e+02   -6.60249e+02
   Coul. recip.      Potential    Kinetic En.   Total Energy  Conserved En.
    1.08568e+02   -5.14122e+03    5.54903e+03    4.07808e+02   -5.13979e+03
    Temperature Pres. DC (bar) Pressure (bar)   Constr. rmsd
    2.98144e+02   -1.34611e+02    6.42829e+00    0.00000e+00

          Box-X          Box-Y          Box-Z
    3.54740e+00    3.54740e+00    3.54740e+00

   Total Virial (kJ/mol)
    1.82800e+03   -1.23303e+01    2.28466e+01
   -1.23303e+01    1.84800e+03    8.48940e-01
    2.28469e+01    8.49038e-01    1.84766e+03

   Pressure (bar)
    1.97762e+01    6.46142e+00   -1.68749e+01
    6.46140e+00    4.79459e-01   -4.25185e+00
   -1.68752e+01   -4.25192e+00   -9.70775e-01


	M E G A - F L O P S   A C C O U N T I N G

 NB=Group-cutoff nonbonded kernels    NxN=N-by-N cluster Verlet kernels
 RF=Reaction-Field  VdW=Van der Waals  QSTab=quadratic-spline table
 W3=SPC/TIP3p  W4=TIP4p (single or pairs)
 V&F=Potential and force  V=Potential only  F=Force only

 Computing:                               M-Number         M-Flops  % Flops
-----------------------------------------------------------------------------
 Pair Search distance check             612.707564        5514.368     0.1
 NxN Ewald Elec. + LJ [F]             78594.218208     5187218.402    88.3
 NxN Ewald Elec. + LJ [V&F]             794.693712       85032.227     1.4
 NxN Ewald Elec. [F]                   2183.642208      133202.175     2.3
 NxN Ewald Elec. [V&F]                   22.081744        1854.866     0.0
 Calc Weights                           480.004800       17280.173     0.3
 Spread Q Bspline                     10240.102400       20480.205     0.3
 Gather F Bspline                     10240.102400       61440.614     1.0
 3D-FFT                               38029.780294      304238.242     5.2
 Solve PME                              230.402304       14745.747     0.3
 Reset In Box                             1.601600           4.805     0.0
 CG-CoM                                   1.603200           4.810     0.0
 Bonds                                   96.000960        5664.057     0.1
 Angles                                 192.001920       32256.323     0.5
 Virial                                  19.601960         352.835     0.0
 Stop-CM                                  1.603200          16.032     0.0
 P-Coupling                              16.001600          96.010     0.0
 Calc-Ekin                               32.003200         864.086     0.0
 Lincs                                   34.849260        2090.956     0.0
 Constraint-V                            69.697812         557.582     0.0
 Constraint-Vir                           3.485172          83.644     0.0
-----------------------------------------------------------------------------
 Total                                                 5872998.159   100.0
-----------------------------------------------------------------------------


    D O M A I N   D E C O M P O S I T I O N   S T A T I S T I C S

 av. #atoms communicated per step for force:  2 x 6626.5
 av. #atoms communicated per step for LINCS:  2 x 59.2


Dynamic load balancing report:
 DLB was turned on during the run due to measured imbalance.
 Average load imbalance: 5.4%.
 The balanceable part of the MD step is 44%, load imbalance is computed from this.
 Part of the total run time spent waiting due to load imbalance: 2.4%.
 Steps where the load balancing was limited by -rdd, -rcon and/or -dds: X 0 % Y 0 % Z 0 %


     R E A L   C Y C L E   A N D   T I M E   A C C O U N T I N G

On 8 MPI ranks

 Computing:          Num   Num      Call    Wall time         Giga-Cycles
                     Ranks Threads  Count      (s)         total sum    %
-----------------------------------------------------------------------------
 Domain decomp.         8    1       1001       0.807         12.896   1.3
 DD comm. load          8    1       1000       0.003          0.049   0.0
 DD comm. bounds        8    1        999       0.150          2.399   0.2
 Neighbor search        8    1       1001       0.472          7.538   0.7
 Comm. coord.           8    1      99000       1.442         23.039   2.2
 Force                  8    1     100001      26.983        431.048  41.8
 Wait + Comm. F         8    1     100001       1.464         23.394   2.3
 PME mesh               8    1     100001      30.729        490.890  47.6
 NB X/F buffer ops.     8    1     298001       0.704         11.246   1.1
 Write traj.            8    1        101       0.012          0.199   0.0
 Update                 8    1     100001       0.110          1.759   0.2
 Constraints            8    1     100003       1.142         18.248   1.8
 Comm. energies         8    1      10001       0.163          2.606   0.3
 Rest                                           0.307          4.897   0.5
-----------------------------------------------------------------------------
 Total                                         64.490       1030.209 100.0
-----------------------------------------------------------------------------
 Breakdown of PME mesh computation
-----------------------------------------------------------------------------
 PME redist. X/F        8    1     200002      13.744        219.549  21.3
 PME spread             8    1     100001       4.302         68.722   6.7
 PME gather             8    1     100001       2.810         44.889   4.4
 PME 3D-FFT             8    1     200002       3.907         62.412   6.1
 PME 3D-FFT Comm.       8    1     400004       5.278         84.319   8.2
 PME solve Elec         8    1     100001       0.640         10.220   1.0
-----------------------------------------------------------------------------

               Core t (s)   Wall t (s)        (%)
       Time:      515.918       64.490      800.0
                 (ns/day)    (hour/ns)
Performance:      267.949        0.090
Finished mdrun on rank 0 Fri Mar 14 07:48:15 2025

